[www.svetmightandmagic.cz/mmvi/mmvi_index.html]
[backblue.gif]
[fade.gif]
[index.html]
[www.svetmightandmagic.cz/styl.css]
[www.svetmightandmagic.cz/images/tl_mmi.png]
[www.svetmightandmagic.cz/images/tl_mmii.png]
[www.svetmightandmagic.cz/images/tl_mmiii.png]
[www.svetmightandmagic.cz/images/tl_mmw.png]
[www.svetmightandmagic.cz/images/tl_mms.png]
[www.svetmightandmagic.cz/images/tl_mmvi_a.png]
[www.svetmightandmagic.cz/images/tl_mmvii.png]
[www.svetmightandmagic.cz/images/tl_mmviii.png]
[www.svetmightandmagic.cz/images/tl_mmix.png]
[www.svetmightandmagic.cz/images/tl_cmm.png]
[www.svetmightandmagic.cz/mmvi/mmvi_recenze.html]
[www.svetmightandmagic.cz/mmvi/mmvi_prolog.html]
[www.svetmightandmagic.cz/mmvi/mmvi_manual.html]
[www.svetmightandmagic.cz/mmvi/mmvi_vlastnosti.html]
[www.svetmightandmagic.cz/mmvi/mmvi_dovednosti.html]
[www.svetmightandmagic.cz/mmvi/mmvi_povolani.html]
[www.svetmightandmagic.cz/mmvi/mmvi_levely.html]
[www.svetmightandmagic.cz/mmvi/mmvi_ucitele.html]
[www.svetmightandmagic.cz/mmvi/mmvi_alchymie.html]
[www.svetmightandmagic.cz/mmvi/mmvi_obchodovani.html]
[www.svetmightandmagic.cz/mmvi/mmvi_gildy.html]
[www.svetmightandmagic.cz/mmvi/mmvi_npc.html]
[www.svetmightandmagic.cz/mmvi/mmvi_npclokace.html]
[www.svetmightandmagic.cz/mmvi/mmvi_bestiar.html]
[www.svetmightandmagic.cz/mmvi/mmvi_zbrane.html]
[www.svetmightandmagic.cz/mmvi/mmvi_zbroje.html]
[www.svetmightandmagic.cz/mmvi/mmvi_ostatni.html]
[www.svetmightandmagic.cz/mmvi/mmvi_artefakty.html]
[www.svetmightandmagic.cz/mmvi/mmvi_relikvie.html]
[www.svetmightandmagic.cz/mmvi/mmvi_bonusy.html]
[www.svetmightandmagic.cz/mmvi/mmvi_svitky.html]
[www.svetmightandmagic.cz/mmvi/mmvi_kouzla_seznam.html]
[www.svetmightandmagic.cz/mmvi/mmvi_kouzla2c90.html]
[www.svetmightandmagic.cz/mmvi/mmvi_kouzla7c76.html]
[www.svetmightandmagic.cz/mmvi/mmvi_kouzlaeccb.html]
[www.svetmightandmagic.cz/mmvi/mmvi_kouzla8b1c.html]
[www.svetmightandmagic.cz/mmvi/mmvi_kouzlac5ea.html]
[www.svetmightandmagic.cz/mmvi/mmvi_kouzlac5ce.html]
[www.svetmightandmagic.cz/mmvi/mmvi_kouzla18b5.html]
[www.svetmightandmagic.cz/mmvi/mmvi_kouzlaee60.html]
[www.svetmightandmagic.cz/mmvi/mmvi_kouzlaab62.html]
[www.svetmightandmagic.cz/mmvi/mmvi_mapy.html]
[www.svetmightandmagic.cz/mmvi/mmvi_mestskabrana.html]
[www.svetmightandmagic.cz/mmvi/mmvi_cestovani.html]
[www.svetmightandmagic.cz/mmvi/mmvi_vmapa.html]
[www.svetmightandmagic.cz/mmvi/mmvi_respawn.html]
[www.svetmightandmagic.cz/mmvi/mmvi_navod.html]
[www.svetmightandmagic.cz/mmvi/mmvi_ukoly.html]
[www.svetmightandmagic.cz/mmvi/mmvi_skrytepoklady.html]
[www.svetmightandmagic.cz/mmvi/mmvi_karty.html]
[www.svetmightandmagic.cz/mmvi/mmvi_mecevkameni.html]
[www.svetmightandmagic.cz/mmvi/mmvi_cirkus.html]
[www.svetmightandmagic.cz/mmvi/mmvi_hadanka.html]
[www.svetmightandmagic.cz/mmvi/mmvi_kaple.html]
[www.svetmightandmagic.cz/mmvi/mmvi_chrambohu.html]
[www.svetmightandmagic.cz/mmvi/mmvi_studny.html]
[www.svetmightandmagic.cz/mmvi/mmvi_jidlo.html]
[www.svetmightandmagic.cz/mmvi/mmvi_index.html]
[www.svetmightandmagic.cz/mmvi/mmvi_cas.html]
[www.svetmightandmagic.cz/images/palmy.jpg]
[www.svetmightandmagic.cz/images/podklad.png]
[www.svetmightandmagic.cz/images/horni.jpg]
[www.svetmightandmagic.cz/images/menu_leve.jpg]
[www.svetmightandmagic.cz/images/lista_01.jpg]
[www.svetmightandmagic.cz/images/lista_02.jpg]
[www.svetmightandmagic.cz/images/lista_03.jpg]
[www.svetmightandmagic.cz/images/lista_04.jpg]
[www.svetmightandmagic.cz/images/lista_05.jpg]
[www.svetmightandmagic.cz/images/lista_06.jpg]
[www.svetmightandmagic.cz/images/lista_07.jpg]
[www.svetmightandmagic.cz/images/lista_08.jpg]
[www.svetmightandmagic.cz/styl.css]
[www.svetmightandmagic.cz/images/copyright.jpg]
[www.svetmightandmagic.cz/mmvi/mmvi_obrazkys3d10.html]
[www.svetmightandmagic.cz/mmvi/obrazky/screenshoty/mmvi_screen01s.jpg]
[www.svetmightandmagic.cz/mmvi/mmvi_obrazkys02ed.html]
[www.svetmightandmagic.cz/mmvi/obrazky/screenshoty/mmvi_screen02s.jpg]
[www.svetmightandmagic.cz/mmvi/mmvi_obrazkysb608.html]
[www.svetmightandmagic.cz/mmvi/obrazky/screenshoty/mmvi_screen04s.jpg]
[www.svetmightandmagic.cz/mmvi/mmvi_obrazkysb7e3.html]
[www.svetmightandmagic.cz/mmvi/obrazky/screenshoty/mmvi_screen05s.jpg]
[www.svetmightandmagic.cz/mmvi/mmvi_obrazkysa7f3.html]
[www.svetmightandmagic.cz/mmvi/obrazky/screenshoty/mmvi_screen03s.jpg]
[www.svetmightandmagic.cz/mmvi/mmvi_obrazkysa264.html]
[www.svetmightandmagic.cz/mmvi/obrazky/screenshoty/mmvi_screen06s.jpg]
[www.svetmightandmagic.cz/mmvi/mmvi_obrazkysbd43.html]
[www.svetmightandmagic.cz/mmvi/obrazky/screenshoty/mmvi_screen07s.jpg]
[www.svetmightandmagic.cz/mmvi/mmvi_obrazkys549e.html]
[www.svetmightandmagic.cz/mmvi/obrazky/screenshoty/mmvi_screen08s.jpg]
[www.svetmightandmagic.cz/mmvi/mmvi_recenze.html]
[www.svetmightandmagic.cz/mmvi/mmvi_prolog.html]
[www.svetmightandmagic.cz/mmvi/mmvi_manual.html]
[www.svetmightandmagic.cz/mmvi/mmvi_vlastnosti.html]
[www.svetmightandmagic.cz/mmvi/mmvi_dovednosti.html]
[www.svetmightandmagic.cz/mmvi/mmvi_povolani.html]
[www.svetmightandmagic.cz/mmvi/mmvi_levely.html]
[www.svetmightandmagic.cz/mmvi/mmvi_ucitele.html]
[www.svetmightandmagic.cz/mmvi/obrazky/alchymie/item01.png]
[www.svetmightandmagic.cz/mmvi/obrazky/alchymie/item02.png]
[www.svetmightandmagic.cz/mmvi/obrazky/alchymie/item03.png]
[www.svetmightandmagic.cz/mmvi/obrazky/alchymie/bottle26.png]
[www.svetmightandmagic.cz/mmvi/obrazky/alchymie/bottle23.png]
[www.svetmightandmagic.cz/mmvi/obrazky/alchymie/bottle28.png]
[www.svetmightandmagic.cz/mmvi/obrazky/alchymie/bottle24.png]
[www.svetmightandmagic.cz/mmvi/obrazky/alchymie/bottle29.png]
[www.svetmightandmagic.cz/mmvi/obrazky/alchymie/bottle25.png]
[www.svetmightandmagic.cz/mmvi/obrazky/alchymie/bottle27.png]
[www.svetmightandmagic.cz/mmvi/mmvi_alchymie.html]
[www.svetmightandmagic.cz/mmvi/obrazky/alchymie/bottle22.png]
[www.svetmightandmagic.cz/mmvi/mmvi_obchodovani.html]
[www.svetmightandmagic.cz/mmvi/mmvi_gildy.html]
[www.svetmightandmagic.cz/mmvi/mmvi_npc.html]
[www.svetmightandmagic.cz/mmvi/obrazky/npc/01.jpg]
[www.svetmightandmagic.cz/mmvi/obrazky/npc/02.jpg]
[www.svetmightandmagic.cz/mmvi/obrazky/npc/03.jpg]
[www.svetmightandmagic.cz/mmvi/obrazky/npc/04.jpg]
[www.svetmightandmagic.cz/mmvi/obrazky/npc/13.jpg]
[www.svetmightandmagic.cz/mmvi/obrazky/npc/05.jpg]
[www.svetmightandmagic.cz/mmvi/obrazky/npc/06.jpg]
[www.svetmightandmagic.cz/mmvi/obrazky/npc/14.jpg]
[www.svetmightandmagic.cz/mmvi/obrazky/npc/15.jpg]
[www.svetmightandmagic.cz/mmvi/obrazky/npc/07.jpg]
[www.svetmightandmagic.cz/mmvi/obrazky/npc/08.jpg]
[www.svetmightandmagic.cz/mmvi/obrazky/npc/16.jpg]
[www.svetmightandmagic.cz/mmvi/obrazky/npc/09.jpg]
[www.svetmightandmagic.cz/mmvi/obrazky/npc/10.jpg]
[www.svetmightandmagic.cz/mmvi/obrazky/npc/11.jpg]
[www.svetmightandmagic.cz/mmvi/obrazky/npc/12.jpg]
[www.svetmightandmagic.cz/mmvi/obrazky/npc/17.jpg]
[www.svetmightandmagic.cz/mmvi/mmvi_npclokace.html]
[www.svetmightandmagic.cz/mmvi/mmvi_bestiar_az.html]
[www.svetmightandmagic.cz/mmvi/mmvi_bzobrazeni681a.html]
[www.svetmightandmagic.cz/mmvi/mmvi_bzobrazeni7429.html]
[www.svetmightandmagic.cz/mmvi/mmvi_bzobrazeni95dc.html]
[www.svetmightandmagic.cz/mmvi/mmvi_bzobrazeni2580.html]
[www.svetmightandmagic.cz/mmvi/mmvi_bzobrazeni0b30.html]
[www.svetmightandmagic.cz/mmvi/mmvi_bzobrazeni2728.html]
[www.svetmightandmagic.cz/mmvi/mmvi_bzobrazeni8bcf.html]
[www.svetmightandmagic.cz/mmvi/mmvi_bzobrazenia916.html]
[www.svetmightandmagic.cz/mmvi/mmvi_bzobrazenid708.html]
[www.svetmightandmagic.cz/mmvi/mmvi_bzobrazeni190a.html]
[www.svetmightandmagic.cz/mmvi/mmvi_bzobrazeni6fb5.html]
[www.svetmightandmagic.cz/mmvi/mmvi_bzobrazeni98dc.html]
[www.svetmightandmagic.cz/mmvi/mmvi_bzobrazenidcfd.html]
[www.svetmightandmagic.cz/mmvi/mmvi_bzobrazenie371.html]
[www.svetmightandmagic.cz/mmvi/mmvi_bzobrazenidac1.html]
[www.svetmightandmagic.cz/mmvi/mmvi_bzobrazeni084d.html]
[www.svetmightandmagic.cz/mmvi/mmvi_bzobrazenid61c.html]
[www.svetmightandmagic.cz/mmvi/mmvi_bzobrazenia9bc.html]
[www.svetmightandmagic.cz/mmvi/mmvi_bzobrazenief73.html]
[www.svetmightandmagic.cz/mmvi/mmvi_bzobrazenibb33.html]
[www.svetmightandmagic.cz/mmvi/mmvi_bzobrazeni3a9f.html]
[www.svetmightandmagic.cz/mmvi/mmvi_bzobrazenie5cc.html]
[www.svetmightandmagic.cz/mmvi/mmvi_bzobrazenid5e8.html]
[www.svetmightandmagic.cz/mmvi/mmvi_bzobrazeni4944.html]
[www.svetmightandmagic.cz/mmvi/mmvi_bzobrazeni8803.html]
[www.svetmightandmagic.cz/mmvi/mmvi_bzobrazeni6258.html]
[www.svetmightandmagic.cz/mmvi/mmvi_bzobrazeni40ac.html]
[www.svetmightandmagic.cz/mmvi/mmvi_bzobrazeni2568.html]
[www.svetmightandmagic.cz/mmvi/mmvi_bzobrazenic3c9.html]
[www.svetmightandmagic.cz/mmvi/mmvi_bzobrazeni2e5f.html]
[www.svetmightandmagic.cz/mmvi/mmvi_bzobrazenif62c.html]
[www.svetmightandmagic.cz/mmvi/mmvi_bzobrazeni0c98.html]
[www.svetmightandmagic.cz/mmvi/mmvi_bzobrazeni5255.html]
[www.svetmightandmagic.cz/mmvi/mmvi_bzobrazeni9c8a.html]
[www.svetmightandmagic.cz/mmvi/mmvi_bzobrazeni4411.html]
[www.svetmightandmagic.cz/mmvi/mmvi_bzobrazeni7d36.html]
[www.svetmightandmagic.cz/mmvi/mmvi_bzobrazenif41b.html]
[www.svetmightandmagic.cz/mmvi/mmvi_bzobrazeniea25.html]
[www.svetmightandmagic.cz/mmvi/mmvi_bzobrazenicdef.html]
[www.svetmightandmagic.cz/mmvi/mmvi_bzobrazenifddb.html]
[www.svetmightandmagic.cz/mmvi/mmvi_bzobrazeni0055.html]
[www.svetmightandmagic.cz/mmvi/mmvi_bzobrazeni9e43.html]
[www.svetmightandmagic.cz/mmvi/mmvi_bzobrazeni1e35.html]
[www.svetmightandmagic.cz/mmvi/mmvi_bzobrazeni3ca5.html]
[www.svetmightandmagic.cz/mmvi/mmvi_bzobrazeni4ef9.html]
[www.svetmightandmagic.cz/mmvi/mmvi_bzobrazeni3162.html]
[www.svetmightandmagic.cz/mmvi/mmvi_bzobrazeniab5e.html]
[www.svetmightandmagic.cz/mmvi/mmvi_bzobrazeni1e85.html]
[www.svetmightandmagic.cz/mmvi/mmvi_bzobrazeni6e03.html]
[www.svetmightandmagic.cz/mmvi/mmvi_bzobrazeni3773.html]
[www.svetmightandmagic.cz/mmvi/mmvi_bzobrazeni7df0.html]
[www.svetmightandmagic.cz/mmvi/mmvi_bzobrazeni87f1.html]
[www.svetmightandmagic.cz/mmvi/mmvi_bzobrazeni1434.html]
[www.svetmightandmagic.cz/mmvi/mmvi_bzobrazeni6396.html]
[www.svetmightandmagic.cz/mmvi/mmvi_bzobrazeni5445.html]
[www.svetmightandmagic.cz/mmvi/mmvi_bzobrazeni850a.html]
[www.svetmightandmagic.cz/mmvi/mmvi_bzobrazeni48db.html]
[www.svetmightandmagic.cz/mmvi/mmvi_bostatni.html]
[www.svetmightandmagic.cz/mmvi/mmvi_bestiar.html]
[www.svetmightandmagic.cz/mmvi/obrazky/predmety/zbrane/01.png]
[www.svetmightandmagic.cz/mmvi/obrazky/predmety/zbrane/02.png]
[www.svetmightandmagic.cz/mmvi/obrazky/predmety/zbrane/03.png]
[www.svetmightandmagic.cz/mmvi/obrazky/predmety/zbrane/04.png]
[www.svetmightandmagic.cz/mmvi/obrazky/predmety/zbrane/05.png]
[www.svetmightandmagic.cz/mmvi/obrazky/predmety/zbrane/06.png]
[www.svetmightandmagic.cz/mmvi/obrazky/predmety/zbrane/07.png]
[www.svetmightandmagic.cz/mmvi/obrazky/predmety/zbrane/08.png]
[www.svetmightandmagic.cz/mmvi/obrazky/predmety/zbrane/09.png]
[www.svetmightandmagic.cz/mmvi/obrazky/predmety/zbrane/10.png]
[www.svetmightandmagic.cz/mmvi/obrazky/predmety/zbrane/11.png]
[www.svetmightandmagic.cz/mmvi/obrazky/predmety/zbrane/12.png]
[www.svetmightandmagic.cz/mmvi/obrazky/predmety/zbrane/13.png]
[www.svetmightandmagic.cz/mmvi/obrazky/predmety/zbrane/14.png]
[www.svetmightandmagic.cz/mmvi/obrazky/predmety/zbrane/15.png]
[www.svetmightandmagic.cz/mmvi/obrazky/predmety/zbrane/16.png]
[www.svetmightandmagic.cz/mmvi/obrazky/predmety/zbrane/17.png]
[www.svetmightandmagic.cz/mmvi/obrazky/predmety/zbrane/18.png]
[www.svetmightandmagic.cz/mmvi/obrazky/predmety/zbrane/19.png]
[www.svetmightandmagic.cz/mmvi/obrazky/predmety/zbrane/20.png]
[www.svetmightandmagic.cz/mmvi/obrazky/predmety/zbrane/21.png]
[www.svetmightandmagic.cz/mmvi/obrazky/predmety/zbrane/22.png]
[www.svetmightandmagic.cz/mmvi/obrazky/predmety/zbrane/23.png]
[www.svetmightandmagic.cz/mmvi/obrazky/predmety/zbrane/24.png]
[www.svetmightandmagic.cz/mmvi/obrazky/predmety/zbrane/25.png]
[www.svetmightandmagic.cz/mmvi/obrazky/predmety/zbrane/26.png]
[www.svetmightandmagic.cz/mmvi/obrazky/predmety/zbrane/27.png]
[www.svetmightandmagic.cz/mmvi/obrazky/predmety/zbrane/28.png]
[www.svetmightandmagic.cz/mmvi/obrazky/predmety/zbrane/29.png]
[www.svetmightandmagic.cz/mmvi/obrazky/predmety/zbrane/30.png]
[www.svetmightandmagic.cz/mmvi/obrazky/predmety/zbrane/31.png]
[www.svetmightandmagic.cz/mmvi/obrazky/predmety/zbrane/32.png]
[www.svetmightandmagic.cz/mmvi/obrazky/predmety/zbrane/33.png]
[www.svetmightandmagic.cz/mmvi/obrazky/predmety/zbrane/34.png]
[www.svetmightandmagic.cz/mmvi/obrazky/predmety/zbrane/35.png]
[www.svetmightandmagic.cz/mmvi/obrazky/predmety/zbrane/36.png]
[www.svetmightandmagic.cz/mmvi/obrazky/predmety/zbrane/37.png]
[www.svetmightandmagic.cz/mmvi/obrazky/predmety/zbrane/38.png]
[www.svetmightandmagic.cz/mmvi/obrazky/predmety/zbrane/39.png]
[www.svetmightandmagic.cz/mmvi/obrazky/predmety/zbrane/40.png]
[www.svetmightandmagic.cz/mmvi/obrazky/predmety/zbrane/41.png]
[www.svetmightandmagic.cz/mmvi/obrazky/predmety/zbrane/42.png]
[www.svetmightandmagic.cz/mmvi/obrazky/predmety/zbrane/43.png]
[www.svetmightandmagic.cz/mmvi/obrazky/predmety/zbrane/44.png]
[www.svetmightandmagic.cz/mmvi/obrazky/predmety/zbrane/45.png]
[www.svetmightandmagic.cz/mmvi/obrazky/predmety/zbrane/46.png]
[www.svetmightandmagic.cz/mmvi/obrazky/predmety/zbrane/47.png]
[www.svetmightandmagic.cz/mmvi/obrazky/predmety/zbrane/48.png]
[www.svetmightandmagic.cz/mmvi/obrazky/predmety/zbrane/49.png]
[www.svetmightandmagic.cz/mmvi/obrazky/predmety/zbrane/50.png]
[www.svetmightandmagic.cz/mmvi/obrazky/predmety/zbrane/51.png]
[www.svetmightandmagic.cz/mmvi/obrazky/predmety/zbrane/52.png]
[www.svetmightandmagic.cz/mmvi/obrazky/predmety/zbrane/53.png]
[www.svetmightandmagic.cz/mmvi/obrazky/predmety/zbrane/54.png]
[www.svetmightandmagic.cz/mmvi/obrazky/predmety/zbrane/55.png]
[www.svetmightandmagic.cz/mmvi/obrazky/predmety/zbrane/56.png]
[www.svetmightandmagic.cz/mmvi/obrazky/predmety/zbrane/57.png]
[www.svetmightandmagic.cz/mmvi/obrazky/predmety/zbrane/58.png]
[www.svetmightandmagic.cz/mmvi/obrazky/predmety/zbrane/59.png]
[www.svetmightandmagic.cz/mmvi/obrazky/predmety/zbrane/60.png]
[www.svetmightandmagic.cz/mmvi/obrazky/predmety/zbrane/61.png]
[www.svetmightandmagic.cz/mmvi/obrazky/predmety/zbrane/62.png]
[www.svetmightandmagic.cz/mmvi/obrazky/predmety/zbrane/63.png]
[www.svetmightandmagic.cz/mmvi/obrazky/predmety/zbrane/64.png]
[www.svetmightandmagic.cz/mmvi/mmvi_zbrane.html]
[www.svetmightandmagic.cz/mmvi/obrazky/predmety/zbrane/65.png]
[www.svetmightandmagic.cz/mmvi/obrazky/predmety/zbroje/66.png]
[www.svetmightandmagic.cz/mmvi/obrazky/predmety/zbroje/67.png]
[www.svetmightandmagic.cz/mmvi/obrazky/predmety/zbroje/68.png]
[www.svetmightandmagic.cz/mmvi/obrazky/predmety/zbroje/69.png]
[www.svetmightandmagic.cz/mmvi/obrazky/predmety/zbroje/70.png]
[www.svetmightandmagic.cz/mmvi/obrazky/predmety/zbroje/71.png]
[www.svetmightandmagic.cz/mmvi/obrazky/predmety/zbroje/72.png]
[www.svetmightandmagic.cz/mmvi/obrazky/predmety/zbroje/73.png]
[www.svetmightandmagic.cz/mmvi/obrazky/predmety/zbroje/74.png]
[www.svetmightandmagic.cz/mmvi/obrazky/predmety/zbroje/75.png]
[www.svetmightandmagic.cz/mmvi/obrazky/predmety/zbroje/76.png]
[www.svetmightandmagic.cz/mmvi/obrazky/predmety/zbroje/77.png]
[www.svetmightandmagic.cz/mmvi/obrazky/predmety/zbroje/78.png]
[www.svetmightandmagic.cz/mmvi/obrazky/predmety/zbroje/79.png]
[www.svetmightandmagic.cz/mmvi/obrazky/predmety/zbroje/80.png]
[www.svetmightandmagic.cz/mmvi/obrazky/predmety/zbroje/81.png]
[www.svetmightandmagic.cz/mmvi/obrazky/predmety/zbroje/82.png]
[www.svetmightandmagic.cz/mmvi/obrazky/predmety/zbroje/83.png]
[www.svetmightandmagic.cz/mmvi/obrazky/predmety/zbroje/84.png]
[www.svetmightandmagic.cz/mmvi/obrazky/predmety/zbroje/85.png]
[www.svetmightandmagic.cz/mmvi/obrazky/predmety/zbroje/86.png]
[www.svetmightandmagic.cz/mmvi/obrazky/predmety/zbroje/87.png]
[www.svetmightandmagic.cz/mmvi/obrazky/predmety/zbroje/88.png]
[www.svetmightandmagic.cz/mmvi/obrazky/predmety/zbroje/89.png]
[www.svetmightandmagic.cz/mmvi/obrazky/predmety/zbroje/90.png]
[www.svetmightandmagic.cz/mmvi/obrazky/predmety/zbroje/91.png]
[www.svetmightandmagic.cz/mmvi/obrazky/predmety/zbroje/92.png]
[www.svetmightandmagic.cz/mmvi/obrazky/predmety/zbroje/93.png]
[www.svetmightandmagic.cz/mmvi/obrazky/predmety/zbroje/105.png]
[www.svetmightandmagic.cz/mmvi/obrazky/predmety/zbroje/106.png]
[www.svetmightandmagic.cz/mmvi/obrazky/predmety/zbroje/107.png]
[www.svetmightandmagic.cz/mmvi/obrazky/predmety/zbroje/108.png]
[www.svetmightandmagic.cz/mmvi/obrazky/predmety/zbroje/109.png]
[www.svetmightandmagic.cz/mmvi/obrazky/predmety/zbroje/110.png]
[www.svetmightandmagic.cz/mmvi/obrazky/predmety/zbroje/111.png]
[www.svetmightandmagic.cz/mmvi/obrazky/predmety/zbroje/112.png]
[www.svetmightandmagic.cz/mmvi/obrazky/predmety/zbroje/113.png]
[www.svetmightandmagic.cz/mmvi/obrazky/predmety/zbroje/114.png]
[www.svetmightandmagic.cz/mmvi/obrazky/predmety/zbroje/115.png]
[www.svetmightandmagic.cz/mmvi/obrazky/predmety/zbroje/116.png]
[www.svetmightandmagic.cz/mmvi/obrazky/predmety/zbroje/117.png]
[www.svetmightandmagic.cz/mmvi/obrazky/predmety/zbroje/118.png]
[www.svetmightandmagic.cz/mmvi/obrazky/predmety/zbroje/119.png]
[www.svetmightandmagic.cz/mmvi/mmvi_zbroje.html]
[www.svetmightandmagic.cz/mmvi/obrazky/predmety/ostatni/94.png]
[www.svetmightandmagic.cz/mmvi/obrazky/predmety/ostatni/95.png]
[www.svetmightandmagic.cz/mmvi/obrazky/predmety/ostatni/96.png]
[www.svetmightandmagic.cz/mmvi/obrazky/predmety/ostatni/97.png]
[www.svetmightandmagic.cz/mmvi/obrazky/predmety/ostatni/98.png]
[www.svetmightandmagic.cz/mmvi/obrazky/predmety/ostatni/99.png]
[www.svetmightandmagic.cz/mmvi/obrazky/predmety/ostatni/100.png]
[www.svetmightandmagic.cz/mmvi/obrazky/predmety/ostatni/101.png]
[www.svetmightandmagic.cz/mmvi/obrazky/predmety/ostatni/102.png]
[www.svetmightandmagic.cz/mmvi/obrazky/predmety/ostatni/103.png]
[www.svetmightandmagic.cz/mmvi/obrazky/predmety/ostatni/104.png]
[www.svetmightandmagic.cz/mmvi/obrazky/predmety/ostatni/120.png]
[www.svetmightandmagic.cz/mmvi/obrazky/predmety/ostatni/121.png]
[www.svetmightandmagic.cz/mmvi/obrazky/predmety/ostatni/122.png]
[www.svetmightandmagic.cz/mmvi/obrazky/predmety/ostatni/123.png]
[www.svetmightandmagic.cz/mmvi/obrazky/predmety/ostatni/124.png]
[www.svetmightandmagic.cz/mmvi/obrazky/predmety/ostatni/125.png]
[www.svetmightandmagic.cz/mmvi/obrazky/predmety/ostatni/126.png]
[www.svetmightandmagic.cz/mmvi/obrazky/predmety/ostatni/127.png]
[www.svetmightandmagic.cz/mmvi/obrazky/predmety/ostatni/128.png]
[www.svetmightandmagic.cz/mmvi/obrazky/predmety/ostatni/129.png]
[www.svetmightandmagic.cz/mmvi/obrazky/predmety/ostatni/130.png]
[www.svetmightandmagic.cz/mmvi/obrazky/predmety/ostatni/131.png]
[www.svetmightandmagic.cz/mmvi/obrazky/predmety/ostatni/132.png]
[www.svetmightandmagic.cz/mmvi/obrazky/predmety/ostatni/133.png]
[www.svetmightandmagic.cz/mmvi/obrazky/predmety/ostatni/134.png]
[www.svetmightandmagic.cz/mmvi/obrazky/predmety/ostatni/135.png]
[www.svetmightandmagic.cz/mmvi/obrazky/predmety/ostatni/140.png]
[www.svetmightandmagic.cz/mmvi/obrazky/predmety/ostatni/145.png]
[www.svetmightandmagic.cz/mmvi/obrazky/predmety/ostatni/150.png]
[www.svetmightandmagic.cz/mmvi/obrazky/predmety/ostatni/155.png]
[www.svetmightandmagic.cz/mmvi/mmvi_ostatni.html]
[www.svetmightandmagic.cz/mmvi/obrazky/artefakty/99.png]
[www.svetmightandmagic.cz/mmvi/obrazky/artefakty/30.png]
[www.svetmightandmagic.cz/mmvi/obrazky/artefakty/11.png]
[www.svetmightandmagic.cz/mmvi/obrazky/artefakty/75.png]
[www.svetmightandmagic.cz/mmvi/obrazky/artefakty/122.png]
[www.svetmightandmagic.cz/mmvi/obrazky/artefakty/129.png]
[www.svetmightandmagic.cz/mmvi/obrazky/artefakty/119.png]
[www.svetmightandmagic.cz/mmvi/obrazky/artefakty/63.png]
[www.svetmightandmagic.cz/mmvi/obrazky/artefakty/22.png]
[www.svetmightandmagic.cz/mmvi/obrazky/artefakty/134.png]
[www.svetmightandmagic.cz/mmvi/obrazky/artefakty/78.png]
[www.svetmightandmagic.cz/mmvi/obrazky/artefakty/109.png]
[www.svetmightandmagic.cz/mmvi/obrazky/artefakty/46.png]
[www.svetmightandmagic.cz/mmvi/obrazky/artefakty/57.png]
[www.svetmightandmagic.cz/mmvi/obrazky/artefakty/88.png]
[www.svetmightandmagic.cz/mmvi/mmvi_artefakty.html]
[www.svetmightandmagic.cz/mmvi/obrazky/artefakty/83.png]
[www.svetmightandmagic.cz/mmvi/obrazky/artefakty/54.png]
[www.svetmightandmagic.cz/mmvi/obrazky/artefakty/27.png]
[www.svetmightandmagic.cz/mmvi/obrazky/artefakty/05.png]
[www.svetmightandmagic.cz/mmvi/obrazky/artefakty/08.png]
[www.svetmightandmagic.cz/mmvi/mmvi_relikvie.html]
[www.svetmightandmagic.cz/mmvi/obrazky/artefakty/41.png]
[www.svetmightandmagic.cz/mmvi/mmvi_bonusy.html]
[www.svetmightandmagic.cz/mmvi/obrazky/svitky/mmvi_kniha01.png]
[www.svetmightandmagic.cz/mmvi/obrazky/svitky/mmvi_svitek01.png]
[www.svetmightandmagic.cz/mmvi/obrazky/svitky/mmvi_kniha02.png]
[www.svetmightandmagic.cz/mmvi/obrazky/svitky/mmvi_svitek02.png]
[www.svetmightandmagic.cz/mmvi/obrazky/svitky/mmvi_kniha03.png]
[www.svetmightandmagic.cz/mmvi/obrazky/svitky/mmvi_svitek03.png]
[www.svetmightandmagic.cz/mmvi/obrazky/svitky/mmvi_kniha04.png]
[www.svetmightandmagic.cz/mmvi/obrazky/svitky/mmvi_svitek04.png]
[www.svetmightandmagic.cz/mmvi/mmvi_svitky.html]
[www.svetmightandmagic.cz/mmvi/obrazky/svitky/mmvi_kniha05.png]
[www.svetmightandmagic.cz/mmvi/mmvi_kouzla_seznam.html]
[www.svetmightandmagic.cz/mmvi/obrazky/kouzla/ohne.jpg]
[www.svetmightandmagic.cz/mmvi/obrazky/kouzla/01oh.jpg]
[www.svetmightandmagic.cz/mmvi/obrazky/kouzla/02oh.jpg]
[www.svetmightandmagic.cz/mmvi/obrazky/kouzla/03oh.jpg]
[www.svetmightandmagic.cz/mmvi/obrazky/kouzla/04oh.jpg]
[www.svetmightandmagic.cz/mmvi/obrazky/kouzla/05oh.jpg]
[www.svetmightandmagic.cz/mmvi/obrazky/kouzla/06oh.jpg]
[www.svetmightandmagic.cz/mmvi/obrazky/kouzla/07oh.jpg]
[www.svetmightandmagic.cz/mmvi/obrazky/kouzla/08oh.jpg]
[www.svetmightandmagic.cz/mmvi/obrazky/kouzla/09oh.jpg]
[www.svetmightandmagic.cz/mmvi/obrazky/kouzla/10oh.jpg]
[www.svetmightandmagic.cz/mmvi/obrazky/kouzla/11oh.jpg]
[www.svetmightandmagic.cz/mmvi/mmvi_kouzla2c90.html]
[www.svetmightandmagic.cz/mmvi/obrazky/kouzla/vzduchu.jpg]
[www.svetmightandmagic.cz/mmvi/obrazky/kouzla/01vz.jpg]
[www.svetmightandmagic.cz/mmvi/obrazky/kouzla/02vz.jpg]
[www.svetmightandmagic.cz/mmvi/obrazky/kouzla/03vz.jpg]
[www.svetmightandmagic.cz/mmvi/obrazky/kouzla/04vz.jpg]
[www.svetmightandmagic.cz/mmvi/obrazky/kouzla/05vz.jpg]
[www.svetmightandmagic.cz/mmvi/obrazky/kouzla/06vz.jpg]
[www.svetmightandmagic.cz/mmvi/obrazky/kouzla/07vz.jpg]
[www.svetmightandmagic.cz/mmvi/obrazky/kouzla/08vz.jpg]
[www.svetmightandmagic.cz/mmvi/obrazky/kouzla/09vz.jpg]
[www.svetmightandmagic.cz/mmvi/obrazky/kouzla/10vz.jpg]
[www.svetmightandmagic.cz/mmvi/obrazky/kouzla/11vz.jpg]
[www.svetmightandmagic.cz/mmvi/mmvi_kouzla7c76.html]
[www.svetmightandmagic.cz/mmvi/obrazky/kouzla/vody.jpg]
[www.svetmightandmagic.cz/mmvi/obrazky/kouzla/01vo.jpg]
[www.svetmightandmagic.cz/mmvi/obrazky/kouzla/02vo.jpg]
[www.svetmightandmagic.cz/mmvi/obrazky/kouzla/03vo.jpg]
[www.svetmightandmagic.cz/mmvi/obrazky/kouzla/04vo.jpg]
[www.svetmightandmagic.cz/mmvi/obrazky/kouzla/05vo.jpg]
[www.svetmightandmagic.cz/mmvi/obrazky/kouzla/06vo.jpg]
[www.svetmightandmagic.cz/mmvi/obrazky/kouzla/07vo.jpg]
[www.svetmightandmagic.cz/mmvi/obrazky/kouzla/08vo.jpg]
[www.svetmightandmagic.cz/mmvi/obrazky/kouzla/09vo.jpg]
[www.svetmightandmagic.cz/mmvi/obrazky/kouzla/10vo.jpg]
[www.svetmightandmagic.cz/mmvi/obrazky/kouzla/11vo.jpg]
[www.svetmightandmagic.cz/mmvi/mmvi_kouzlaeccb.html]
[www.svetmightandmagic.cz/mmvi/obrazky/kouzla/zeme.jpg]
[www.svetmightandmagic.cz/mmvi/obrazky/kouzla/01ze.jpg]
[www.svetmightandmagic.cz/mmvi/obrazky/kouzla/02ze.jpg]
[www.svetmightandmagic.cz/mmvi/obrazky/kouzla/03ze.jpg]
[www.svetmightandmagic.cz/mmvi/obrazky/kouzla/04ze.jpg]
[www.svetmightandmagic.cz/mmvi/obrazky/kouzla/05ze.jpg]
[www.svetmightandmagic.cz/mmvi/obrazky/kouzla/06ze.jpg]
[www.svetmightandmagic.cz/mmvi/obrazky/kouzla/07ze.jpg]
[www.svetmightandmagic.cz/mmvi/obrazky/kouzla/08ze.jpg]
[www.svetmightandmagic.cz/mmvi/obrazky/kouzla/09ze.jpg]
[www.svetmightandmagic.cz/mmvi/obrazky/kouzla/10ze.jpg]
[www.svetmightandmagic.cz/mmvi/obrazky/kouzla/11ze.jpg]
[www.svetmightandmagic.cz/mmvi/mmvi_kouzla8b1c.html]
[www.svetmightandmagic.cz/mmvi/obrazky/kouzla/ducha.jpg]
[www.svetmightandmagic.cz/mmvi/obrazky/kouzla/01du.jpg]
[www.svetmightandmagic.cz/mmvi/obrazky/kouzla/02du.jpg]
[www.svetmightandmagic.cz/mmvi/obrazky/kouzla/03du.jpg]
[www.svetmightandmagic.cz/mmvi/obrazky/kouzla/04du.jpg]
[www.svetmightandmagic.cz/mmvi/obrazky/kouzla/05du.jpg]
[www.svetmightandmagic.cz/mmvi/obrazky/kouzla/06du.jpg]
[www.svetmightandmagic.cz/mmvi/obrazky/kouzla/07du.jpg]
[www.svetmightandmagic.cz/mmvi/obrazky/kouzla/08du.jpg]
[www.svetmightandmagic.cz/mmvi/obrazky/kouzla/09du.jpg]
[www.svetmightandmagic.cz/mmvi/obrazky/kouzla/10du.jpg]
[www.svetmightandmagic.cz/mmvi/mmvi_kouzlac5ea.html]
[www.svetmightandmagic.cz/mmvi/obrazky/kouzla/11du.jpg]
[www.svetmightandmagic.cz/mmvi/obrazky/kouzla/mysli.jpg]
[www.svetmightandmagic.cz/mmvi/obrazky/kouzla/01my.jpg]
[www.svetmightandmagic.cz/mmvi/obrazky/kouzla/02my.jpg]
[www.svetmightandmagic.cz/mmvi/obrazky/kouzla/03my.jpg]
[www.svetmightandmagic.cz/mmvi/obrazky/kouzla/04my.jpg]
[www.svetmightandmagic.cz/mmvi/obrazky/kouzla/05my.jpg]
[www.svetmightandmagic.cz/mmvi/obrazky/kouzla/06my.jpg]
[www.svetmightandmagic.cz/mmvi/obrazky/kouzla/07my.jpg]
[www.svetmightandmagic.cz/mmvi/obrazky/kouzla/08my.jpg]
[www.svetmightandmagic.cz/mmvi/obrazky/kouzla/09my.jpg]
[www.svetmightandmagic.cz/mmvi/obrazky/kouzla/10my.jpg]
[www.svetmightandmagic.cz/mmvi/obrazky/kouzla/11my.jpg]
[www.svetmightandmagic.cz/mmvi/mmvi_kouzlac5ce.html]
[www.svetmightandmagic.cz/mmvi/obrazky/kouzla/tela.jpg]
[www.svetmightandmagic.cz/mmvi/obrazky/kouzla/01te.jpg]
[www.svetmightandmagic.cz/mmvi/obrazky/kouzla/02te.jpg]
[www.svetmightandmagic.cz/mmvi/obrazky/kouzla/03te.jpg]
[www.svetmightandmagic.cz/mmvi/obrazky/kouzla/04te.jpg]
[www.svetmightandmagic.cz/mmvi/obrazky/kouzla/05te.jpg]
[www.svetmightandmagic.cz/mmvi/obrazky/kouzla/06te.jpg]
[www.svetmightandmagic.cz/mmvi/obrazky/kouzla/07te.jpg]
[www.svetmightandmagic.cz/mmvi/obrazky/kouzla/08te.jpg]
[www.svetmightandmagic.cz/mmvi/obrazky/kouzla/09te.jpg]
[www.svetmightandmagic.cz/mmvi/obrazky/kouzla/10te.jpg]
[www.svetmightandmagic.cz/mmvi/obrazky/kouzla/11te.jpg]
[www.svetmightandmagic.cz/mmvi/mmvi_kouzla18b5.html]
[www.svetmightandmagic.cz/mmvi/obrazky/kouzla/svetla.jpg]
[www.svetmightandmagic.cz/mmvi/obrazky/kouzla/01sv.jpg]
[www.svetmightandmagic.cz/mmvi/obrazky/kouzla/02sv.jpg]
[www.svetmightandmagic.cz/mmvi/obrazky/kouzla/03sv.jpg]
[www.svetmightandmagic.cz/mmvi/obrazky/kouzla/04sv.jpg]
[www.svetmightandmagic.cz/mmvi/obrazky/kouzla/05sv.jpg]
[www.svetmightandmagic.cz/mmvi/obrazky/kouzla/06sv.jpg]
[www.svetmightandmagic.cz/mmvi/obrazky/kouzla/07sv.jpg]
[www.svetmightandmagic.cz/mmvi/obrazky/kouzla/08sv.jpg]
[www.svetmightandmagic.cz/mmvi/obrazky/kouzla/09sv.jpg]
[www.svetmightandmagic.cz/mmvi/obrazky/kouzla/10sv.jpg]
[www.svetmightandmagic.cz/mmvi/obrazky/kouzla/11sv.jpg]
[www.svetmightandmagic.cz/mmvi/mmvi_kouzlaee60.html]
[www.svetmightandmagic.cz/mmvi/obrazky/kouzla/temnoty.jpg]
[www.svetmightandmagic.cz/mmvi/obrazky/kouzla/01tm.jpg]
[www.svetmightandmagic.cz/mmvi/obrazky/kouzla/02tm.jpg]
[www.svetmightandmagic.cz/mmvi/obrazky/kouzla/03tm.jpg]
[www.svetmightandmagic.cz/mmvi/obrazky/kouzla/04tm.jpg]
[www.svetmightandmagic.cz/mmvi/obrazky/kouzla/05tm.jpg]
[www.svetmightandmagic.cz/mmvi/obrazky/kouzla/06tm.jpg]
[www.svetmightandmagic.cz/mmvi/obrazky/kouzla/07tm.jpg]
[www.svetmightandmagic.cz/mmvi/obrazky/kouzla/08tm.jpg]
[www.svetmightandmagic.cz/mmvi/obrazky/kouzla/09tm.jpg]
[www.svetmightandmagic.cz/mmvi/obrazky/kouzla/10tm.jpg]
[www.svetmightandmagic.cz/mmvi/mmvi_kouzlaab62.html]
[www.svetmightandmagic.cz/mmvi/obrazky/kouzla/11tm.jpg]
[www.svetmightandmagic.cz/mmvi/mmvi_mapyc7e6.html]
[www.svetmightandmagic.cz/mmvi/mmvi_mapy9f57.html]
[www.svetmightandmagic.cz/mmvi/mmvi_mapyb49f.html]
[www.svetmightandmagic.cz/mmvi/mmvi_mapy66d4.html]
[www.svetmightandmagic.cz/mmvi/mmvi_mapyb6ed.html]
[www.svetmightandmagic.cz/mmvi/mmvi_mapy99ee.html]
[www.svetmightandmagic.cz/mmvi/mmvi_mapy3d97.html]
[www.svetmightandmagic.cz/mmvi/mmvi_mapy4376.html]
[www.svetmightandmagic.cz/mmvi/mmvi_mapyad31.html]
[www.svetmightandmagic.cz/mmvi/mmvi_mapybe3e.html]
[www.svetmightandmagic.cz/mmvi/mmvi_mapyad4f.html]
[www.svetmightandmagic.cz/mmvi/mmvi_mapye567.html]
[www.svetmightandmagic.cz/mmvi/mmvi_mapy49f7.html]
[www.svetmightandmagic.cz/mmvi/mmvi_mapyea43.html]
[www.svetmightandmagic.cz/mmvi/mmvi_mapy7aa0.html]
[www.svetmightandmagic.cz/mmvi/mmvi_mapydeb9.html]
[www.svetmightandmagic.cz/mmvi/mmvi_mapy13a7.html]
[www.svetmightandmagic.cz/mmvi/mmvi_mapyc1fa.html]
[www.svetmightandmagic.cz/mmvi/mmvi_mapyf181.html]
[www.svetmightandmagic.cz/mmvi/mmvi_mapyd0a6.html]
[www.svetmightandmagic.cz/mmvi/mmvi_mapyb060.html]
[www.svetmightandmagic.cz/mmvi/mmvi_mapyf5c4.html]
[www.svetmightandmagic.cz/mmvi/mmvi_mapy9605.html]
[www.svetmightandmagic.cz/mmvi/mmvi_mapy0446.html]
[www.svetmightandmagic.cz/mmvi/mmvi_mapye5f2.html]
[www.svetmightandmagic.cz/mmvi/mmvi_mapya0a5.html]
[www.svetmightandmagic.cz/mmvi/mmvi_mapy6618.html]
[www.svetmightandmagic.cz/mmvi/mmvi_mapy5be8.html]
[www.svetmightandmagic.cz/mmvi/mmvi_mapyd017.html]
[www.svetmightandmagic.cz/mmvi/mmvi_mapy1869.html]
[www.svetmightandmagic.cz/mmvi/mmvi_mapy0883.html]
[www.svetmightandmagic.cz/mmvi/mmvi_mapy3fc1.html]
[www.svetmightandmagic.cz/mmvi/mmvi_mapy6553.html]
[www.svetmightandmagic.cz/mmvi/mmvi_mapy5109.html]
[www.svetmightandmagic.cz/mmvi/mmvi_mapyb101.html]
[www.svetmightandmagic.cz/mmvi/mmvi_mapyfc0c.html]
[www.svetmightandmagic.cz/mmvi/mmvi_mapy0712.html]
[www.svetmightandmagic.cz/mmvi/mmvi_mapy3027.html]
[www.svetmightandmagic.cz/mmvi/mmvi_mapy82aa.html]
[www.svetmightandmagic.cz/mmvi/mmvi_mapy8851.html]
[www.svetmightandmagic.cz/mmvi/mmvi_mapy8e6b.html]
[www.svetmightandmagic.cz/mmvi/mmvi_mapy25bd.html]
[www.svetmightandmagic.cz/mmvi/mmvi_mapyd270.html]
[www.svetmightandmagic.cz/mmvi/mmvi_mapyc06a.html]
[www.svetmightandmagic.cz/mmvi/mmvi_mapycd51.html]
[www.svetmightandmagic.cz/mmvi/mmvi_mapya72e.html]
[www.svetmightandmagic.cz/mmvi/mmvi_mapy72c7.html]
[www.svetmightandmagic.cz/mmvi/mmvi_mapya822.html]
[www.svetmightandmagic.cz/mmvi/mmvi_mapyf7a2.html]
[www.svetmightandmagic.cz/mmvi/mmvi_mapy9042.html]
[www.svetmightandmagic.cz/mmvi/mmvi_mapy3ed6.html]
[www.svetmightandmagic.cz/mmvi/mmvi_mapy9d59.html]
[www.svetmightandmagic.cz/mmvi/mmvi_mapy57cb.html]
[www.svetmightandmagic.cz/mmvi/mmvi_mapyd2c8.html]
[www.svetmightandmagic.cz/mmvi/mmvi_mapy.html]
[www.svetmightandmagic.cz/mmvi/obrazky/mestska_brana/mmvi_pozadi.jpg]
[www.svetmightandmagic.cz/mmvi/obrazky/mestska_brana/mmvi_mb1.gif]
[www.svetmightandmagic.cz/mmvi/obrazky/mestska_brana/mmvi_mb2.gif]
[www.svetmightandmagic.cz/mmvi/obrazky/mestska_brana/mmvi_mb3.gif]
[www.svetmightandmagic.cz/mmvi/obrazky/mestska_brana/mmvi_mb4.gif]
[www.svetmightandmagic.cz/mmvi/obrazky/mestska_brana/mmvi_mb5.gif]
[www.svetmightandmagic.cz/mmvi/obrazky/mestska_brana/mmvi_mb6.gif]
[www.svetmightandmagic.cz/mmvi/obrazky/mestska_brana/mmvi_pozadi.gif]
[www.svetmightandmagic.cz/mmvi/mmvi_mestskabrana.html]
[www.svetmightandmagic.cz/mmvi/mmvi_img01.html]
[www.svetmightandmagic.cz/mmvi/obrazky/mmvi_rohy.jpg]
[www.svetmightandmagic.cz/mmvi/obrazky/mmvi_velkama.jpg]
[www.svetmightandmagic.cz/mmvi/new_window.js]
[www.svetmightandmagic.cz/mmvi/mmvi_tab01.html]
[www.svetmightandmagic.cz/mmvi/mmvi_cestovani.html]
[www.svetmightandmagic.cz/mmvi/mmvi_img02.html]
[www.svetmightandmagic.cz/mmvi/obrazky/mmvi_velkam.jpg]
[www.svetmightandmagic.cz/mmvi/mmvi_vmapa.html]
[www.svetmightandmagic.cz/mmvi/mmvi_respawn.html]
[www.svetmightandmagic.cz/mmvi/mmvi_navod.html]
[www.svetmightandmagic.cz/mmvi/mmvi_ukoly.html]
[www.svetmightandmagic.cz/mmvi/obrazky/sk_oblasti/o01.jpg]
[www.svetmightandmagic.cz/mmvi/obrazky/sk_oblasti/01.jpg]
[www.svetmightandmagic.cz/mmvi/obrazky/sk_oblasti/02.jpg]
[www.svetmightandmagic.cz/mmvi/obrazky/sk_oblasti/33.jpg]
[www.svetmightandmagic.cz/mmvi/obrazky/sk_oblasti/34.jpg]
[www.svetmightandmagic.cz/mmvi/obrazky/sk_oblasti/o02.jpg]
[www.svetmightandmagic.cz/mmvi/obrazky/sk_oblasti/04.jpg]
[www.svetmightandmagic.cz/mmvi/obrazky/sk_oblasti/05.jpg]
[www.svetmightandmagic.cz/mmvi/obrazky/sk_oblasti/06.jpg]
[www.svetmightandmagic.cz/mmvi/obrazky/sk_oblasti/07.jpg]
[www.svetmightandmagic.cz/mmvi/obrazky/sk_oblasti/13.jpg]
[www.svetmightandmagic.cz/mmvi/obrazky/sk_oblasti/09.jpg]
[www.svetmightandmagic.cz/mmvi/obrazky/sk_oblasti/28.jpg]
[www.svetmightandmagic.cz/mmvi/obrazky/sk_oblasti/32.jpg]
[www.svetmightandmagic.cz/mmvi/obrazky/sk_oblasti/26.jpg]
[www.svetmightandmagic.cz/mmvi/obrazky/sk_oblasti/23.jpg]
[www.svetmightandmagic.cz/mmvi/obrazky/sk_oblasti/24.jpg]
[www.svetmightandmagic.cz/mmvi/obrazky/sk_oblasti/25.jpg]
[www.svetmightandmagic.cz/mmvi/obrazky/sk_oblasti/18.jpg]
[www.svetmightandmagic.cz/mmvi/obrazky/sk_oblasti/14.jpg]
[www.svetmightandmagic.cz/mmvi/mmvi_skrytepoklady.html]
[www.svetmightandmagic.cz/mmvi/mmvi_karty.html]
[www.svetmightandmagic.cz/mmvi/obrazky/mecvkameni.png]
[www.svetmightandmagic.cz/mmvi/obrazky/sorpigal.png]
[www.svetmightandmagic.cz/mmvi/obrazky/hradironfist.png]
[www.svetmightandmagic.cz/mmvi/obrazky/stribrzatoka.png]
[www.svetmightandmagic.cz/mmvi/obrazky/uhorvody.png]
[www.svetmightandmagic.cz/mmvi/mmvi_mecevkameni.html]
[www.svetmightandmagic.cz/mmvi/mmvi_cirkus.html]
[www.svetmightandmagic.cz/mmvi/mmvi_hadanka.html]
[www.svetmightandmagic.cz/mmvi/mmvi_kaple.html]
[www.svetmightandmagic.cz/mmvi/mmvi_chrambohu.html]
[www.svetmightandmagic.cz/mmvi/mmvi_studny.html]
[www.svetmightandmagic.cz/mmvi/mmvi_jidlo.html]
[www.svetmightandmagic.cz/mmvi/obrazky/mesice.png]
[www.svetmightandmagic.cz/mmvi/mmvi_cas.html]
[www.svetmightandmagic.cz/mmvi/obrazky/screenshoty/mmvi_screen01.jpg]
[www.svetmightandmagic.cz/mmvi/mmvi_obrazkys3d10.html]
[www.svetmightandmagic.cz/mmvi/obrazky/screenshoty/mmvi_screen02.jpg]
[www.svetmightandmagic.cz/mmvi/mmvi_obrazkys02ed.html]
[www.svetmightandmagic.cz/mmvi/obrazky/screenshoty/mmvi_screen04.jpg]
[www.svetmightandmagic.cz/mmvi/mmvi_obrazkysb608.html]
[www.svetmightandmagic.cz/mmvi/obrazky/screenshoty/mmvi_screen05.jpg]
[www.svetmightandmagic.cz/mmvi/mmvi_obrazkysb7e3.html]
[www.svetmightandmagic.cz/mmvi/obrazky/screenshoty/mmvi_screen03.jpg]
[www.svetmightandmagic.cz/mmvi/mmvi_obrazkysa7f3.html]
[www.svetmightandmagic.cz/mmvi/obrazky/screenshoty/mmvi_screen06.jpg]
[www.svetmightandmagic.cz/mmvi/mmvi_obrazkysa264.html]
[www.svetmightandmagic.cz/mmvi/obrazky/screenshoty/mmvi_screen07.jpg]
[www.svetmightandmagic.cz/mmvi/mmvi_obrazkysbd43.html]
[www.svetmightandmagic.cz/mmvi/obrazky/screenshoty/mmvi_screen08.jpg]
[www.svetmightandmagic.cz/mmvi/mmvi_obrazkys549e.html]
[www.svetmightandmagic.cz/mmvi/mmvi_bzobrazeni8a08.html]
[www.svetmightandmagic.cz/mmvi/mmvi_bzobrazeni330f.html]
[www.svetmightandmagic.cz/mmvi/mmvi_bzobrazenicab6.html]
[www.svetmightandmagic.cz/mmvi/mmvi_bzobrazeniaafc.html]
[www.svetmightandmagic.cz/mmvi/mmvi_bzobrazeni0b48.html]
[www.svetmightandmagic.cz/mmvi/mmvi_bzobrazenic3d4.html]
[www.svetmightandmagic.cz/mmvi/mmvi_bzobrazenif492.html]
[www.svetmightandmagic.cz/mmvi/mmvi_bestiar_az.html]
[www.svetmightandmagic.cz/mmvi/bestiar/01a.png]
[www.svetmightandmagic.cz/mmvi/bestiar/01b.png]
[www.svetmightandmagic.cz/mmvi/bestiar/01c.png]
[www.svetmightandmagic.cz/mmvi/mmvi_bzobrazeni681a.html]
[www.svetmightandmagic.cz/mmvi/bestiar/15a.png]
[www.svetmightandmagic.cz/mmvi/bestiar/15b.png]
[www.svetmightandmagic.cz/mmvi/mmvi_bzobrazeni7429.html]
[www.svetmightandmagic.cz/mmvi/bestiar/15c.png]
[www.svetmightandmagic.cz/mmvi/bestiar/28a.png]
[www.svetmightandmagic.cz/mmvi/bestiar/28b.png]
[www.svetmightandmagic.cz/mmvi/bestiar/28c.png]
[www.svetmightandmagic.cz/mmvi/mmvi_bzobrazeni95dc.html]
[www.svetmightandmagic.cz/mmvi/bestiar/43a.png]
[www.svetmightandmagic.cz/mmvi/bestiar/43b.png]
[www.svetmightandmagic.cz/mmvi/bestiar/43c.png]
[www.svetmightandmagic.cz/mmvi/mmvi_bzobrazeni2580.html]
[www.svetmightandmagic.cz/mmvi/bestiar/02a.png]
[www.svetmightandmagic.cz/mmvi/bestiar/02b.png]
[www.svetmightandmagic.cz/mmvi/bestiar/02c.png]
[www.svetmightandmagic.cz/mmvi/mmvi_bzobrazeni0b30.html]
[www.svetmightandmagic.cz/mmvi/bestiar/16a.png]
[www.svetmightandmagic.cz/mmvi/bestiar/16b.png]
[www.svetmightandmagic.cz/mmvi/bestiar/16c.png]
[www.svetmightandmagic.cz/mmvi/mmvi_bzobrazeni2728.html]
[www.svetmightandmagic.cz/mmvi/bestiar/29a.png]
[www.svetmightandmagic.cz/mmvi/bestiar/29b.png]
[www.svetmightandmagic.cz/mmvi/bestiar/29c.png]
[www.svetmightandmagic.cz/mmvi/mmvi_bzobrazeni8bcf.html]
[www.svetmightandmagic.cz/mmvi/bestiar/44a.png]
[www.svetmightandmagic.cz/mmvi/bestiar/44b.png]
[www.svetmightandmagic.cz/mmvi/bestiar/44c.png]
[www.svetmightandmagic.cz/mmvi/mmvi_bzobrazenia916.html]
[www.svetmightandmagic.cz/mmvi/bestiar/03a.png]
[www.svetmightandmagic.cz/mmvi/bestiar/03b.png]
[www.svetmightandmagic.cz/mmvi/bestiar/03c.png]
[www.svetmightandmagic.cz/mmvi/mmvi_bzobrazenid708.html]
[www.svetmightandmagic.cz/mmvi/bestiar/17a.png]
[www.svetmightandmagic.cz/mmvi/bestiar/17b.png]
[www.svetmightandmagic.cz/mmvi/bestiar/17c.png]
[www.svetmightandmagic.cz/mmvi/mmvi_bzobrazeni190a.html]
[www.svetmightandmagic.cz/mmvi/bestiar/30a.png]
[www.svetmightandmagic.cz/mmvi/bestiar/30b.png]
[www.svetmightandmagic.cz/mmvi/bestiar/30c.png]
[www.svetmightandmagic.cz/mmvi/mmvi_bzobrazeni6fb5.html]
[www.svetmightandmagic.cz/mmvi/bestiar/45a.png]
[www.svetmightandmagic.cz/mmvi/bestiar/45b.png]
[www.svetmightandmagic.cz/mmvi/bestiar/45c.png]
[www.svetmightandmagic.cz/mmvi/mmvi_bzobrazeni98dc.html]
[www.svetmightandmagic.cz/mmvi/bestiar/04b.png]
[www.svetmightandmagic.cz/mmvi/bestiar/04a.png]
[www.svetmightandmagic.cz/mmvi/bestiar/04c.png]
[www.svetmightandmagic.cz/mmvi/mmvi_bzobrazenidcfd.html]
[www.svetmightandmagic.cz/mmvi/bestiar/18a.png]
[www.svetmightandmagic.cz/mmvi/bestiar/18b.png]
[www.svetmightandmagic.cz/mmvi/bestiar/18c.png]
[www.svetmightandmagic.cz/mmvi/mmvi_bzobrazenie371.html]
[www.svetmightandmagic.cz/mmvi/bestiar/31a.png]
[www.svetmightandmagic.cz/mmvi/bestiar/31b.png]
[www.svetmightandmagic.cz/mmvi/mmvi_bzobrazenidac1.html]
[www.svetmightandmagic.cz/mmvi/bestiar/31c.png]
[www.svetmightandmagic.cz/mmvi/bestiar/46a.png]
[www.svetmightandmagic.cz/mmvi/bestiar/46b.png]
[www.svetmightandmagic.cz/mmvi/bestiar/46c.png]
[www.svetmightandmagic.cz/mmvi/mmvi_bzobrazeni084d.html]
[www.svetmightandmagic.cz/mmvi/bestiar/05a.png]
[www.svetmightandmagic.cz/mmvi/bestiar/05b.png]
[www.svetmightandmagic.cz/mmvi/bestiar/05c.png]
[www.svetmightandmagic.cz/mmvi/mmvi_bzobrazenid61c.html]
[www.svetmightandmagic.cz/mmvi/bestiar/19a.png]
[www.svetmightandmagic.cz/mmvi/bestiar/19b.png]
[www.svetmightandmagic.cz/mmvi/mmvi_bzobrazenia9bc.html]
[www.svetmightandmagic.cz/mmvi/bestiar/19c.png]
[www.svetmightandmagic.cz/mmvi/bestiar/32a.png]
[www.svetmightandmagic.cz/mmvi/bestiar/32b.png]
[www.svetmightandmagic.cz/mmvi/bestiar/32c.png]
[www.svetmightandmagic.cz/mmvi/mmvi_bzobrazenief73.html]
[www.svetmightandmagic.cz/mmvi/bestiar/47a.png]
[www.svetmightandmagic.cz/mmvi/bestiar/47b.png]
[www.svetmightandmagic.cz/mmvi/bestiar/47c.png]
[www.svetmightandmagic.cz/mmvi/mmvi_bzobrazenibb33.html]
[www.svetmightandmagic.cz/mmvi/bestiar/06a.png]
[www.svetmightandmagic.cz/mmvi/bestiar/06b.png]
[www.svetmightandmagic.cz/mmvi/bestiar/06c.png]
[www.svetmightandmagic.cz/mmvi/mmvi_bzobrazeni3a9f.html]
[www.svetmightandmagic.cz/mmvi/bestiar/20a.png]
[www.svetmightandmagic.cz/mmvi/bestiar/20b.png]
[www.svetmightandmagic.cz/mmvi/bestiar/20c.png]
[www.svetmightandmagic.cz/mmvi/mmvi_bzobrazenie5cc.html]
[www.svetmightandmagic.cz/mmvi/bestiar/33a.png]
[www.svetmightandmagic.cz/mmvi/bestiar/33b.png]
[www.svetmightandmagic.cz/mmvi/bestiar/33c.png]
[www.svetmightandmagic.cz/mmvi/mmvi_bzobrazenid5e8.html]
[www.svetmightandmagic.cz/mmvi/bestiar/48a.png]
[www.svetmightandmagic.cz/mmvi/bestiar/48b.png]
[www.svetmightandmagic.cz/mmvi/mmvi_bzobrazeni4944.html]
[www.svetmightandmagic.cz/mmvi/bestiar/48c.png]
[www.svetmightandmagic.cz/mmvi/bestiar/07a.png]
[www.svetmightandmagic.cz/mmvi/bestiar/07b.png]
[www.svetmightandmagic.cz/mmvi/bestiar/07c.png]
[www.svetmightandmagic.cz/mmvi/mmvi_bzobrazeni8803.html]
[www.svetmightandmagic.cz/mmvi/bestiar/21a.png]
[www.svetmightandmagic.cz/mmvi/bestiar/21b.png]
[www.svetmightandmagic.cz/mmvi/bestiar/21c.png]
[www.svetmightandmagic.cz/mmvi/mmvi_bzobrazeni6258.html]
[www.svetmightandmagic.cz/mmvi/bestiar/34a.png]
[www.svetmightandmagic.cz/mmvi/bestiar/34b.png]
[www.svetmightandmagic.cz/mmvi/mmvi_bzobrazeni40ac.html]
[www.svetmightandmagic.cz/mmvi/bestiar/34c.png]
[www.svetmightandmagic.cz/mmvi/bestiar/49a.png]
[www.svetmightandmagic.cz/mmvi/bestiar/49b.png]
[www.svetmightandmagic.cz/mmvi/bestiar/49c.png]
[www.svetmightandmagic.cz/mmvi/mmvi_bzobrazeni2568.html]
[www.svetmightandmagic.cz/mmvi/bestiar/08a.png]
[www.svetmightandmagic.cz/mmvi/bestiar/08b.png]
[www.svetmightandmagic.cz/mmvi/bestiar/08c.png]
[www.svetmightandmagic.cz/mmvi/mmvi_bzobrazenic3c9.html]
[www.svetmightandmagic.cz/mmvi/bestiar/22a.png]
[www.svetmightandmagic.cz/mmvi/bestiar/22b.png]
[www.svetmightandmagic.cz/mmvi/mmvi_bzobrazeni2e5f.html]
[www.svetmightandmagic.cz/mmvi/bestiar/22c.png]
[www.svetmightandmagic.cz/mmvi/bestiar/35a.png]
[www.svetmightandmagic.cz/mmvi/bestiar/35b.png]
[www.svetmightandmagic.cz/mmvi/bestiar/35c.png]
[www.svetmightandmagic.cz/mmvi/mmvi_bzobrazenif62c.html]
[www.svetmightandmagic.cz/mmvi/bestiar/50a.png]
[www.svetmightandmagic.cz/mmvi/bestiar/50b.png]
[www.svetmightandmagic.cz/mmvi/bestiar/50c.png]
[www.svetmightandmagic.cz/mmvi/mmvi_bzobrazeni0c98.html]
[www.svetmightandmagic.cz/mmvi/bestiar/09a.png]
[www.svetmightandmagic.cz/mmvi/bestiar/09b.png]
[www.svetmightandmagic.cz/mmvi/mmvi_bzobrazeni5255.html]
[www.svetmightandmagic.cz/mmvi/bestiar/09c.png]
[www.svetmightandmagic.cz/mmvi/bestiar/23-1a.png]
[www.svetmightandmagic.cz/mmvi/bestiar/23-1b.png]
[www.svetmightandmagic.cz/mmvi/bestiar/23-1c.png]
[www.svetmightandmagic.cz/mmvi/mmvi_bzobrazeni9c8a.html]
[www.svetmightandmagic.cz/mmvi/bestiar/36a.png]
[www.svetmightandmagic.cz/mmvi/bestiar/36b.png]
[www.svetmightandmagic.cz/mmvi/bestiar/36c.png]
[www.svetmightandmagic.cz/mmvi/mmvi_bzobrazeni4411.html]
[www.svetmightandmagic.cz/mmvi/bestiar/51a.png]
[www.svetmightandmagic.cz/mmvi/bestiar/51b.png]
[www.svetmightandmagic.cz/mmvi/bestiar/51c.png]
[www.svetmightandmagic.cz/mmvi/mmvi_bzobrazeni7d36.html]
[www.svetmightandmagic.cz/mmvi/bestiar/10a.png]
[www.svetmightandmagic.cz/mmvi/bestiar/10b.png]
[www.svetmightandmagic.cz/mmvi/bestiar/10c.png]
[www.svetmightandmagic.cz/mmvi/mmvi_bzobrazenif41b.html]
[www.svetmightandmagic.cz/mmvi/bestiar/23-2a.png]
[www.svetmightandmagic.cz/mmvi/bestiar/23-2b.png]
[www.svetmightandmagic.cz/mmvi/bestiar/23-2c.png]
[www.svetmightandmagic.cz/mmvi/mmvi_bzobrazeniea25.html]
[www.svetmightandmagic.cz/mmvi/bestiar/37a.png]
[www.svetmightandmagic.cz/mmvi/bestiar/37b.png]
[www.svetmightandmagic.cz/mmvi/bestiar/37c.png]
[www.svetmightandmagic.cz/mmvi/mmvi_bzobrazenicdef.html]
[www.svetmightandmagic.cz/mmvi/bestiar/52a.png]
[www.svetmightandmagic.cz/mmvi/bestiar/52b.png]
[www.svetmightandmagic.cz/mmvi/bestiar/52c.png]
[www.svetmightandmagic.cz/mmvi/mmvi_bzobrazenifddb.html]
[www.svetmightandmagic.cz/mmvi/bestiar/11a.png]
[www.svetmightandmagic.cz/mmvi/bestiar/11b.png]
[www.svetmightandmagic.cz/mmvi/bestiar/11c.png]
[www.svetmightandmagic.cz/mmvi/mmvi_bzobrazeni0055.html]
[www.svetmightandmagic.cz/mmvi/bestiar/24a.png]
[www.svetmightandmagic.cz/mmvi/bestiar/24b.png]
[www.svetmightandmagic.cz/mmvi/bestiar/24c.png]
[www.svetmightandmagic.cz/mmvi/mmvi_bzobrazeni9e43.html]
[www.svetmightandmagic.cz/mmvi/bestiar/38a.png]
[www.svetmightandmagic.cz/mmvi/bestiar/38b.png]
[www.svetmightandmagic.cz/mmvi/bestiar/38c.png]
[www.svetmightandmagic.cz/mmvi/mmvi_bzobrazeni1e35.html]
[www.svetmightandmagic.cz/mmvi/bestiar/53a.png]
[www.svetmightandmagic.cz/mmvi/bestiar/53b.png]
[www.svetmightandmagic.cz/mmvi/bestiar/53c.png]
[www.svetmightandmagic.cz/mmvi/mmvi_bzobrazeni3ca5.html]
[www.svetmightandmagic.cz/mmvi/bestiar/12a.png]
[www.svetmightandmagic.cz/mmvi/bestiar/12b.png]
[www.svetmightandmagic.cz/mmvi/bestiar/12c.png]
[www.svetmightandmagic.cz/mmvi/mmvi_bzobrazeni4ef9.html]
[www.svetmightandmagic.cz/mmvi/bestiar/25a.png]
[www.svetmightandmagic.cz/mmvi/bestiar/25b.png]
[www.svetmightandmagic.cz/mmvi/bestiar/25c.png]
[www.svetmightandmagic.cz/mmvi/mmvi_bzobrazeni3162.html]
[www.svetmightandmagic.cz/mmvi/bestiar/39a.png]
[www.svetmightandmagic.cz/mmvi/bestiar/39b.png]
[www.svetmightandmagic.cz/mmvi/bestiar/39c.png]
[www.svetmightandmagic.cz/mmvi/mmvi_bzobrazeniab5e.html]
[www.svetmightandmagic.cz/mmvi/bestiar/41-1.png]
[www.svetmightandmagic.cz/mmvi/bestiar/41-2.png]
[www.svetmightandmagic.cz/mmvi/bestiar/41-3.png]
[www.svetmightandmagic.cz/mmvi/mmvi_bzobrazeni1e85.html]
[www.svetmightandmagic.cz/mmvi/bestiar/13a.png]
[www.svetmightandmagic.cz/mmvi/bestiar/13b.png]
[www.svetmightandmagic.cz/mmvi/bestiar/13c.png]
[www.svetmightandmagic.cz/mmvi/mmvi_bzobrazeni6e03.html]
[www.svetmightandmagic.cz/mmvi/bestiar/26a.png]
[www.svetmightandmagic.cz/mmvi/bestiar/26b.png]
[www.svetmightandmagic.cz/mmvi/bestiar/26c.png]
[www.svetmightandmagic.cz/mmvi/mmvi_bzobrazeni3773.html]
[www.svetmightandmagic.cz/mmvi/bestiar/40a.png]
[www.svetmightandmagic.cz/mmvi/bestiar/40b.png]
[www.svetmightandmagic.cz/mmvi/bestiar/40c.png]
[www.svetmightandmagic.cz/mmvi/mmvi_bzobrazeni7df0.html]
[www.svetmightandmagic.cz/mmvi/bestiar/14a.png]
[www.svetmightandmagic.cz/mmvi/bestiar/14b.png]
[www.svetmightandmagic.cz/mmvi/bestiar/14c.png]
[www.svetmightandmagic.cz/mmvi/mmvi_bzobrazeni87f1.html]
[www.svetmightandmagic.cz/mmvi/bestiar/27a.png]
[www.svetmightandmagic.cz/mmvi/bestiar/27b.png]
[www.svetmightandmagic.cz/mmvi/bestiar/27c.png]
[www.svetmightandmagic.cz/mmvi/mmvi_bzobrazeni1434.html]
[www.svetmightandmagic.cz/mmvi/bestiar/42a.png]
[www.svetmightandmagic.cz/mmvi/bestiar/42b.png]
[www.svetmightandmagic.cz/mmvi/bestiar/42c.png]
[www.svetmightandmagic.cz/mmvi/mmvi_bzobrazeni6396.html]
[www.svetmightandmagic.cz/mmvi/mmvi_bzobrazeni5445.html]
[www.svetmightandmagic.cz/mmvi/mmvi_bzobrazeni850a.html]
[www.svetmightandmagic.cz/mmvi/mmvi_bzobrazeni48db.html]
[www.svetmightandmagic.cz/mmvi/mmvi_bostatni.html]
[www.svetmightandmagic.cz/mmvi/obrazky/mapy/mmvi_oblast01.jpg]
[www.svetmightandmagic.cz/mmvi/mmvi_mapyc7e6.html]
[www.svetmightandmagic.cz/mmvi/obrazky/mapy/mmvi_dungeon01.jpg]
[www.svetmightandmagic.cz/mmvi/mmvi_mapy9f57.html]
[www.svetmightandmagic.cz/mmvi/obrazky/mapy/mmvi_dungeon02.jpg]
[www.svetmightandmagic.cz/mmvi/mmvi_mapyb49f.html]
[www.svetmightandmagic.cz/mmvi/obrazky/mapy/mmvi_dungeon03.jpg]
[www.svetmightandmagic.cz/mmvi/mmvi_mapy66d4.html]
[www.svetmightandmagic.cz/mmvi/obrazky/mapy/mmvi_oblast02.jpg]
[www.svetmightandmagic.cz/mmvi/mmvi_mapyb6ed.html]
[www.svetmightandmagic.cz/mmvi/obrazky/mapy/mmvi_dungeon04.jpg]
[www.svetmightandmagic.cz/mmvi/mmvi_mapy99ee.html]
[www.svetmightandmagic.cz/mmvi/obrazky/mapy/mmvi_dungeon05.jpg]
[www.svetmightandmagic.cz/mmvi/mmvi_mapy3d97.html]
[www.svetmightandmagic.cz/mmvi/obrazky/mapy/mmvi_dungeon06.jpg]
[www.svetmightandmagic.cz/mmvi/mmvi_mapy4376.html]
[www.svetmightandmagic.cz/mmvi/obrazky/mapy/mmvi_dungeon07.jpg]
[www.svetmightandmagic.cz/mmvi/mmvi_mapyad31.html]
[www.svetmightandmagic.cz/mmvi/obrazky/mapy/mmvi_dungeon08.jpg]
[www.svetmightandmagic.cz/mmvi/mmvi_mapybe3e.html]
[www.svetmightandmagic.cz/mmvi/obrazky/mapy/mmvi_oblast03.jpg]
[www.svetmightandmagic.cz/mmvi/mmvi_mapyad4f.html]
[www.svetmightandmagic.cz/mmvi/obrazky/mapy/mmvi_dungeon09.jpg]
[www.svetmightandmagic.cz/mmvi/mmvi_mapye567.html]
[www.svetmightandmagic.cz/mmvi/obrazky/mapy/mmvi_oblast04.jpg]
[www.svetmightandmagic.cz/mmvi/mmvi_mapy49f7.html]
[www.svetmightandmagic.cz/mmvi/obrazky/mapy/mmvi_dungeon10.jpg]
[www.svetmightandmagic.cz/mmvi/mmvi_mapyea43.html]
[www.svetmightandmagic.cz/mmvi/obrazky/mapy/mmvi_dungeon11.jpg]
[www.svetmightandmagic.cz/mmvi/mmvi_mapy7aa0.html]
[www.svetmightandmagic.cz/mmvi/obrazky/mapy/mmvi_dungeon12.jpg]
[www.svetmightandmagic.cz/mmvi/mmvi_mapydeb9.html]
[www.svetmightandmagic.cz/mmvi/obrazky/mapy/mmvi_dungeon13.jpg]
[www.svetmightandmagic.cz/mmvi/mmvi_mapy13a7.html]
[www.svetmightandmagic.cz/mmvi/obrazky/mapy/mmvi_oblast05.jpg]
[www.svetmightandmagic.cz/mmvi/mmvi_mapyc1fa.html]
[www.svetmightandmagic.cz/mmvi/obrazky/mapy/mmvi_dungeon14.jpg]
[www.svetmightandmagic.cz/mmvi/mmvi_mapyf181.html]
[www.svetmightandmagic.cz/mmvi/obrazky/mapy/mmvi_dungeon15.jpg]
[www.svetmightandmagic.cz/mmvi/mmvi_mapyd0a6.html]
[www.svetmightandmagic.cz/mmvi/obrazky/mapy/mmvi_dungeon16.jpg]
[www.svetmightandmagic.cz/mmvi/mmvi_mapyb060.html]
[www.svetmightandmagic.cz/mmvi/obrazky/mapy/mmvi_dungeon17.jpg]
[www.svetmightandmagic.cz/mmvi/mmvi_mapyf5c4.html]
[www.svetmightandmagic.cz/mmvi/obrazky/mapy/mmvi_dungeon18.jpg]
[www.svetmightandmagic.cz/mmvi/mmvi_mapy9605.html]
[www.svetmightandmagic.cz/mmvi/obrazky/mapy/mmvi_dungeon19.jpg]
[www.svetmightandmagic.cz/mmvi/mmvi_mapy0446.html]
[www.svetmightandmagic.cz/mmvi/obrazky/mapy/mmvi_oblast06.jpg]
[www.svetmightandmagic.cz/mmvi/mmvi_mapye5f2.html]
[www.svetmightandmagic.cz/mmvi/obrazky/mapy/mmvi_dungeon20.jpg]
[www.svetmightandmagic.cz/mmvi/mmvi_mapya0a5.html]
[www.svetmightandmagic.cz/mmvi/obrazky/mapy/mmvi_dungeon21.jpg]
[www.svetmightandmagic.cz/mmvi/mmvi_mapy6618.html]
[www.svetmightandmagic.cz/mmvi/obrazky/mapy/mmvi_dungeon22.jpg]
[www.svetmightandmagic.cz/mmvi/mmvi_mapy5be8.html]
[www.svetmightandmagic.cz/mmvi/obrazky/mapy/mmvi_oblast07.jpg]
[www.svetmightandmagic.cz/mmvi/mmvi_mapyd017.html]
[www.svetmightandmagic.cz/mmvi/obrazky/mapy/mmvi_dungeon23.jpg]
[www.svetmightandmagic.cz/mmvi/mmvi_mapy1869.html]
[www.svetmightandmagic.cz/mmvi/obrazky/mapy/mmvi_dungeon24.jpg]
[www.svetmightandmagic.cz/mmvi/mmvi_mapy0883.html]
[www.svetmightandmagic.cz/mmvi/obrazky/mapy/mmvi_dungeon25.jpg]
[www.svetmightandmagic.cz/mmvi/mmvi_mapy3fc1.html]
[www.svetmightandmagic.cz/mmvi/obrazky/mapy/mmvi_oblast08.jpg]
[www.svetmightandmagic.cz/mmvi/mmvi_mapy6553.html]
[www.svetmightandmagic.cz/mmvi/obrazky/mapy/mmvi_dungeon26.jpg]
[www.svetmightandmagic.cz/mmvi/mmvi_mapy5109.html]
[www.svetmightandmagic.cz/mmvi/obrazky/mapy/mmvi_dungeon27.jpg]
[www.svetmightandmagic.cz/mmvi/mmvi_mapyb101.html]
[www.svetmightandmagic.cz/mmvi/obrazky/mapy/mmvi_oblast09.jpg]
[www.svetmightandmagic.cz/mmvi/mmvi_mapyfc0c.html]
[www.svetmightandmagic.cz/mmvi/obrazky/mapy/mmvi_dungeon28.jpg]
[www.svetmightandmagic.cz/mmvi/mmvi_mapy0712.html]
[www.svetmightandmagic.cz/mmvi/obrazky/mapy/mmvi_dungeon29.jpg]
[www.svetmightandmagic.cz/mmvi/mmvi_mapy3027.html]
[www.svetmightandmagic.cz/mmvi/obrazky/mapy/mmvi_dungeon30.jpg]
[www.svetmightandmagic.cz/mmvi/mmvi_mapy82aa.html]
[www.svetmightandmagic.cz/mmvi/obrazky/mapy/mmvi_dungeon31.jpg]
[www.svetmightandmagic.cz/mmvi/mmvi_mapy8851.html]
[www.svetmightandmagic.cz/mmvi/obrazky/mapy/mmvi_dungeon32.jpg]
[www.svetmightandmagic.cz/mmvi/mmvi_mapy8e6b.html]
[www.svetmightandmagic.cz/mmvi/obrazky/mapy/mmvi_oblast10.jpg]
[www.svetmightandmagic.cz/mmvi/mmvi_mapy25bd.html]
[www.svetmightandmagic.cz/mmvi/obrazky/mapy/mmvi_dungeon33.jpg]
[www.svetmightandmagic.cz/mmvi/mmvi_mapyd270.html]
[www.svetmightandmagic.cz/mmvi/obrazky/mapy/mmvi_dungeon34.jpg]
[www.svetmightandmagic.cz/mmvi/mmvi_mapyc06a.html]
[www.svetmightandmagic.cz/mmvi/obrazky/mapy/mmvi_oblast11.jpg]
[www.svetmightandmagic.cz/mmvi/mmvi_mapycd51.html]
[www.svetmightandmagic.cz/mmvi/obrazky/mapy/mmvi_dungeon35.jpg]
[www.svetmightandmagic.cz/mmvi/mmvi_mapya72e.html]
[www.svetmightandmagic.cz/mmvi/obrazky/mapy/mmvi_dungeon36.jpg]
[www.svetmightandmagic.cz/mmvi/mmvi_mapy72c7.html]
[www.svetmightandmagic.cz/mmvi/obrazky/mapy/mmvi_oblast12.jpg]
[www.svetmightandmagic.cz/mmvi/mmvi_mapya822.html]
[www.svetmightandmagic.cz/mmvi/obrazky/mapy/mmvi_dungeon37.jpg]
[www.svetmightandmagic.cz/mmvi/mmvi_mapyf7a2.html]
[www.svetmightandmagic.cz/mmvi/obrazky/mapy/mmvi_oblast13.jpg]
[www.svetmightandmagic.cz/mmvi/mmvi_mapy9042.html]
[www.svetmightandmagic.cz/mmvi/obrazky/mapy/mmvi_dungeon38.jpg]
[www.svetmightandmagic.cz/mmvi/mmvi_mapy3ed6.html]
[www.svetmightandmagic.cz/mmvi/obrazky/mapy/mmvi_oblast14.jpg]
[www.svetmightandmagic.cz/mmvi/mmvi_mapy9d59.html]
[www.svetmightandmagic.cz/mmvi/obrazky/mapy/mmvi_oblast15.jpg]
[www.svetmightandmagic.cz/mmvi/mmvi_mapy57cb.html]
[www.svetmightandmagic.cz/mmvi/obrazky/mapy/mmvi_dungeon39.jpg]
[www.svetmightandmagic.cz/mmvi/mmvi_mapyd2c8.html]
[www.svetmightandmagic.cz/mmvi/obrazky/mmvi_velkamb.jpg]
[www.svetmightandmagic.cz/mmvi/mmvi_img01.html]
[www.svetmightandmagic.cz/mmvi/mmvi_tab01.html]
[www.svetmightandmagic.cz/mmvi/mmvi_img02.html]
[www.svetmightandmagic.cz/mmvi/mmvi_bzobrazeni8a08.html]
[www.svetmightandmagic.cz/mmvi/mmvi_bzobrazeni330f.html]
[www.svetmightandmagic.cz/mmvi/mmvi_bzobrazenicab6.html]
[www.svetmightandmagic.cz/mmvi/mmvi_bzobrazeniaafc.html]
[www.svetmightandmagic.cz/mmvi/mmvi_bzobrazeni0b48.html]
[www.svetmightandmagic.cz/mmvi/mmvi_bzobrazenic3d4.html]
[www.svetmightandmagic.cz/mmvi/mmvi_bzobrazenif492.html]
[www.svetmightandmagic.cz/mmvi/bestiar/index.html]
[www.svetmightandmagic.cz/mmvi/mmvi_obrazkym2cc6.php]
