[the-spoiler.com/RPG/New.World.Computing/might..magic.6.1/mm6.html]
[backblue.gif]
[fade.gif]
[index.html]
[the-spoiler.com/detroitchicago/boise.js]
[the-spoiler.com/detroitchicago/boise420f.js]
[the-spoiler.com/detroitchicago/memphis.js]
[the-spoiler.com/detroitchicago/memphisf5cf.js]
[the-spoiler.com/detroitchicago/minneapolis.js]
[the-spoiler.com/detroitchicago/minneapolis453e.js]
[the-spoiler.com/detroitchicago/rochester.js]
[the-spoiler.com/detroitchicago/rochester9620.js]
[the-spoiler.com/detroitchicago/raleigh.js]
[the-spoiler.com/detroitchicago/raleigh2693.js]
[the-spoiler.com/detroitchicago/tampa.js]
[the-spoiler.com/detroitchicago/tampa45f7.js]
[the-spoiler.com/detroitchicago/tulsa.js]
[the-spoiler.com/detroitchicago/tulsa1fee.js]
[ezodn.com/detroitchicago/consentsettingsc08b.js]
[g.ezodn.com/cmp/v2/cmpc295.js]
[the-spoiler.com/RPG/New.World.Computing/might..magic.6.1/logo.jpg]
[the-spoiler.com/RPG/New.World.Computing/might..magic.6.1/table.jpg]
[the-spoiler.com/RPG/New.World.Computing/might..magic.6.1/sw_tn.jpg]
[the-spoiler.com/RPG/New.World.Computing/might..magic.6.1/ks_tn.jpg]
[the-spoiler.com/RPG/New.World.Computing/might..magic.6.1/fz_tn.jpg]
[the-spoiler.com/RPG/New.World.Computing/might..magic.6.1/sc_tn.jpg]
[the-spoiler.com/RPG/New.World.Computing/might..magic.6.1/iw_tn.jpg]
[the-spoiler.com/RPG/New.World.Computing/might..magic.6.1/pv_tn.jpg]
[the-spoiler.com/RPG/New.World.Computing/might..magic.6.1/bs_tn.jpg]
[the-spoiler.com/RPG/New.World.Computing/might..magic.6.1/fh_tn.jpg]
[the-spoiler.com/RPG/New.World.Computing/might..magic.6.1/bb_tn.jpg]
[the-spoiler.com/RPG/New.World.Computing/might..magic.6.1/mi_tn.jpg]
[the-spoiler.com/RPG/New.World.Computing/might..magic.6.1/hi_tn.jpg]
[the-spoiler.com/RPG/New.World.Computing/might..magic.6.1/ds_tn.jpg]
[the-spoiler.com/RPG/New.World.Computing/might..magic.6.1/md_tn.jpg]
[the-spoiler.com/RPG/New.World.Computing/might..magic.6.1/ci_tn.jpg]
[the-spoiler.com/RPG/New.World.Computing/might..magic.6.1/ns_tn.jpg]
[the-spoiler.com/RPG/New.World.Computing/might..magic.6.1/marks.jpg]
[the-spoiler.com/RPG/New.World.Computing/might..magic.6.1/ns.jpg]
[the-spoiler.com/RPG/New.World.Computing/might..magic.6.1/ns-gw.jpg]
[the-spoiler.com/RPG/New.World.Computing/might..magic.6.1/ns-at.jpg]
[the-spoiler.com/RPG/New.World.Computing/might..magic.6.1/ns-gf.jpg]
[the-spoiler.com/RPG/New.World.Computing/might..magic.6.1/ci.jpg]
[the-spoiler.com/RPG/New.World.Computing/might..magic.6.1/ci-dc.jpg]
[the-spoiler.com/RPG/New.World.Computing/might..magic.6.1/ci-tb.jpg]
[the-spoiler.com/RPG/New.World.Computing/might..magic.6.1/ci-sg.jpg]
[the-spoiler.com/RPG/New.World.Computing/might..magic.6.1/ci-ce.jpg]
[the-spoiler.com/RPG/New.World.Computing/might..magic.6.1/ci-sc.jpg]
[the-spoiler.com/RPG/New.World.Computing/might..magic.6.1/mi.jpg]
[the-spoiler.com/RPG/New.World.Computing/might..magic.6.1/mi-sh.jpg]
[the-spoiler.com/RPG/New.World.Computing/might..magic.6.1/bb.jpg]
[the-spoiler.com/RPG/New.World.Computing/might..magic.6.1/bb-tt.jpg]
[the-spoiler.com/RPG/New.World.Computing/might..magic.6.1/bb-ts.jpg]
[the-spoiler.com/RPG/New.World.Computing/might..magic.6.1/bb-tf.jpg]
[the-spoiler.com/RPG/New.World.Computing/might..magic.6.1/bb-fl.jpg]
[the-spoiler.com/RPG/New.World.Computing/might..magic.6.1/fh.jpg]
[the-spoiler.com/RPG/New.World.Computing/might..magic.6.1/fh-tm.jpg]
[the-spoiler.com/RPG/New.World.Computing/might..magic.6.1/fh-em.jpg]
[the-spoiler.com/RPG/New.World.Computing/might..magic.6.1/fh-dk.jpg]
[the-spoiler.com/RPG/New.World.Computing/might..magic.6.1/fh-sw.jpg]
[the-spoiler.com/RPG/New.World.Computing/might..magic.6.1/fh-or.jpg]
[the-spoiler.com/RPG/New.World.Computing/might..magic.6.1/fh-cc.jpg]
[the-spoiler.com/RPG/New.World.Computing/might..magic.6.1/md.jpg]
[the-spoiler.com/RPG/New.World.Computing/might..magic.6.1/md-sm.jpg]
[the-spoiler.com/RPG/New.World.Computing/might..magic.6.1/md-dl.jpg]
[the-spoiler.com/RPG/New.World.Computing/might..magic.6.1/md-dm.jpg]
[the-spoiler.com/RPG/New.World.Computing/might..magic.6.1/fz.jpg]
[the-spoiler.com/RPG/New.World.Computing/might..magic.6.1/fz-ik.jpg]
[the-spoiler.com/RPG/New.World.Computing/might..magic.6.1/fz-sg.jpg]
[the-spoiler.com/RPG/New.World.Computing/might..magic.6.1/sc.jpg]
[the-spoiler.com/RPG/New.World.Computing/might..magic.6.1/sc-tm.jpg]
[the-spoiler.com/RPG/New.World.Computing/might..magic.6.1/sc-wf.jpg]
[the-spoiler.com/RPG/New.World.Computing/might..magic.6.1/sc-sh.jpg]
[the-spoiler.com/RPG/New.World.Computing/might..magic.6.1/bs.jpg]
[the-spoiler.com/RPG/New.World.Computing/might..magic.6.1/bs-lw.jpg]
[the-spoiler.com/RPG/New.World.Computing/might..magic.6.1/bs-ts.jpg]
[the-spoiler.com/RPG/New.World.Computing/might..magic.6.1/ks.jpg]
[the-spoiler.com/RPG/New.World.Computing/might..magic.6.1/ks-do.jpg]
[the-spoiler.com/RPG/New.World.Computing/might..magic.6.1/ks-tb.jpg]
[the-spoiler.com/RPG/New.World.Computing/might..magic.6.1/ks-ck.jpg]
[the-spoiler.com/RPG/New.World.Computing/might..magic.6.1/ks-al.jpg]
[the-spoiler.com/RPG/New.World.Computing/might..magic.6.1/ks-dr.jpg]
[the-spoiler.com/RPG/New.World.Computing/might..magic.6.1/iw.jpg]
[the-spoiler.com/RPG/New.World.Computing/might..magic.6.1/iw-ca.jpg]
[the-spoiler.com/RPG/New.World.Computing/might..magic.6.1/ds.jpg]
[the-spoiler.com/RPG/New.World.Computing/might..magic.6.1/ds-tv.jpg]
[the-spoiler.com/RPG/New.World.Computing/might..magic.6.1/ds-nw.jpg]
[the-spoiler.com/RPG/New.World.Computing/might..magic.6.1/hi.jpg]
[the-spoiler.com/RPG/New.World.Computing/might..magic.6.1/hi-sb.jpg]
[the-spoiler.com/RPG/New.World.Computing/might..magic.6.1/pv.jpg]
[the-spoiler.com/RPG/New.World.Computing/might..magic.6.1/sw.jpg]
[the-spoiler.com/RPG/New.World.Computing/might..magic.6.1/sw-hi.jpg]
[the-spoiler.com/tardisrocinante/vitals.js]
[the-spoiler.com/tardisrocinante/vitals5038.js]
[the-spoiler.com/beardeddragon/drake.js]
[the-spoiler.com/beardeddragon/drake6190.js]
[the-spoiler.com/beardeddragon/tortoise.js]
[the-spoiler.com/RPG/New.World.Computing/might..magic.6.1/mm6.html]
[the-spoiler.com/beardeddragon/tortoise6190.js]
[the-spoiler.com/detroitchicago/grapefruit.html]
[the-spoiler.com/porpoiseant/army.html]
