[the-spoiler.com/RPG/New.World.Computing/might.and.magic7.2/MM7.html]
[backblue.gif]
[fade.gif]
[index.html]
[the-spoiler.com/detroitchicago/boise.js]
[the-spoiler.com/detroitchicago/boise420f.js]
[the-spoiler.com/detroitchicago/memphis.js]
[the-spoiler.com/detroitchicago/memphisf5cf.js]
[the-spoiler.com/detroitchicago/minneapolis.js]
[the-spoiler.com/detroitchicago/minneapolis453e.js]
[the-spoiler.com/detroitchicago/rochester.js]
[the-spoiler.com/detroitchicago/rochester9620.js]
[the-spoiler.com/detroitchicago/raleigh.js]
[the-spoiler.com/detroitchicago/raleigh2693.js]
[the-spoiler.com/detroitchicago/tampa.js]
[the-spoiler.com/detroitchicago/tampa45f7.js]
[the-spoiler.com/detroitchicago/tulsa.js]
[the-spoiler.com/detroitchicago/tulsa1fee.js]
[ezodn.com/detroitchicago/consentsettingsc08b.js]
[g.ezodn.com/cmp/v2/cmpc295.js]
[the-spoiler.com/RPG/New.World.Computing/might.and.magic7.2/logo.jpg]
[the-spoiler.com/RPG/New.World.Computing/might.and.magic7.2/ei.jpg]
[the-spoiler.com/RPG/New.World.Computing/might.and.magic7.2/hd.jpg]
[the-spoiler.com/RPG/New.World.Computing/might.and.magic7.2/bd.jpg]
[the-spoiler.com/RPG/New.World.Computing/might.and.magic7.2/bd_sc.jpg]
[the-spoiler.com/RPG/New.World.Computing/might.and.magic7.2/er.jpg]
[the-spoiler.com/RPG/New.World.Computing/might.and.magic7.2/tf.jpg]
[the-spoiler.com/RPG/New.World.Computing/might.and.magic7.2/ta.jpg]
[the-spoiler.com/RPG/New.World.Computing/might.and.magic7.2/av.jpg]
[the-spoiler.com/RPG/New.World.Computing/might.and.magic7.2/br.jpg]
[the-spoiler.com/RPG/New.World.Computing/might.and.magic7.2/ce.jpg]
[the-spoiler.com/RPG/New.World.Computing/might.and.magic7.2/de.jpg]
[the-spoiler.com/RPG/New.World.Computing/might.and.magic7.2/tp.jpg]
[the-spoiler.com/RPG/New.World.Computing/might.and.magic7.2/ev.jpg]
[the-spoiler.com/RPG/New.World.Computing/might.and.magic7.2/mn.jpg]
[the-spoiler.com/RPG/New.World.Computing/might.and.magic7.2/lg.jpg]
[the-spoiler.com/RPG/New.World.Computing/might.and.magic7.2/sh.jpg]
[the-spoiler.com/tardisrocinante/vitals.js]
[the-spoiler.com/tardisrocinante/vitals5038.js]
[the-spoiler.com/beardeddragon/drake.js]
[the-spoiler.com/beardeddragon/drake6190.js]
[the-spoiler.com/beardeddragon/tortoise.js]
[the-spoiler.com/RPG/New.World.Computing/might.and.magic7.2/MM7.html]
[the-spoiler.com/beardeddragon/tortoise6190.js]
[the-spoiler.com/detroitchicago/grapefruit.html]
[the-spoiler.com/porpoiseant/army.html]
