[albion-hra.wz.cz/index74c8.html]
[backblue.gif]
[fade.gif]
[index.html]
[albion-hra.wz.cz/favicon.ico]
[albion-hra.wz.cz/style.css]
[apis.google.com/js/platform.js]
[albion-hra.wz.cz/setlang.39f3e.delayed]
[albion-hra.wz.cz/res/flagen.png]
[albion-hra.wz.cz/res/hlavobr.png]
[albion-hra.wz.cz/tour/tour.html]
[albion-hra.wz.cz/index.html]
[validator.webylon.info/images/valid-html401.gif]
[albion-hra.wz.cz/res/banner.png]
[albion-hra.wz.cz/indexdf74.html]
[albion-hra.wz.cz/navod/map.png]
[albion-hra.wz.cz/indexbe82.html]
[albion-hra.wz.cz/indexf70e.html]
[albion-hra.wz.cz/index1b9c.html]
[albion-hra.wz.cz/navod/colors.png]
[albion-hra.wz.cz/indexde65.html]
[albion-hra.wz.cz/index18b3.html]
[albion-hra.wz.cz/index41bc.html]
[albion-hra.wz.cz/index298c.html]
[albion-hra.wz.cz/index641a.html]
[albion-hra.wz.cz/index4101.html]
[albion-hra.wz.cz/index4ef5.html]
[albion-hra.wz.cz/res/logo2.png]
[albion-hra.wz.cz/res/normal.cur]
[www.webzdarma.cz/assets/static/floatad.js]
[albion-hra.wz.cz/res/special.cur]
[albion-hra.wz.cz/res/button2.png]
[albion-hra.wz.cz/res/button3.png]
[albion-hra.wz.cz/index74c8.html]
[albion-hra.wz.cz/style.css]
[albion-hra.wz.cz/index.html]
[albion-hra.wz.cz/tour/tour.html]
[albion-hra.wz.cz/indexdf74.html]
[albion-hra.wz.cz/indexbe82.html]
[albion-hra.wz.cz/index1b9c.html]
[albion-hra.wz.cz/indexf70e.html]
[albion-hra.wz.cz/indexde65.html]
[albion-hra.wz.cz/index18b3.html]
[albion-hra.wz.cz/index41bc.html]
[albion-hra.wz.cz/index298c.html]
[albion-hra.wz.cz/index641a.html]
[albion-hra.wz.cz/index4101.html]
[albion-hra.wz.cz/index4ef5.html]
